// Jest Snapshot v1, https://goo.gl/fbAQLP

exports[`Backdrop component renders the component as expected 1`] = `
<div
  className="backdrop"
/>
`;
