// Jest Snapshot v1, https://goo.gl/fbAQLP

exports[`Map component renders the component as expected 1`] = `
<div
  className="mapContainer"
>
  <div
    style={
      Object {
        "height": "100%",
      }
    }
  />
</div>
`;
