// Jest Snapshot v1, https://goo.gl/fbAQLP

exports[`Footer component renders the Header component as expected 1`] = `
<div
  className="footer-container"
>
  <section>
    Thinkful Fullstack Capstone Project
  </section>
  <section>
    About Us
  </section>
</div>
`;
