// Jest Snapshot v1, https://goo.gl/fbAQLP

exports[`Header component renders the Header component as expected 1`] = `
<div
  className="header-container"
>
  <section>
    GetMealz
  </section>
  <section>
    Home Page
  </section>
  <section>
    About Us
  </section>
  <section>
    Add Location
  </section>
</div>
`;
